###############################################################################
#
# IAR ELF Linker V7.50.2.10312/W32 for ARM                16/Sep/2017  17:33:57
# Copyright 2007-2015 IAR Systems AB.
#
#    Output file  =  
#        D:\MYPROGS\LIDAR\NUMBER4\code\test_lidar1_debug\EWARM\Output\Exe\Project.out
#    Map file     =  
#        D:\MYPROGS\LIDAR\NUMBER4\code\test_lidar1_debug\EWARM\Output\List\Project.map
#    Command line =  
#        D:\MYPROGS\LIDAR\NUMBER4\code\test_lidar1_debug\EWARM\Output\Obj\encoder_handler.o
#        D:\MYPROGS\LIDAR\NUMBER4\code\test_lidar1_debug\EWARM\Output\Obj\image_processing.o
#        D:\MYPROGS\LIDAR\NUMBER4\code\test_lidar1_debug\EWARM\Output\Obj\init_periph.o
#        D:\MYPROGS\LIDAR\NUMBER4\code\test_lidar1_debug\EWARM\Output\Obj\laser_handler.o
#        D:\MYPROGS\LIDAR\NUMBER4\code\test_lidar1_debug\EWARM\Output\Obj\main.o
#        D:\MYPROGS\LIDAR\NUMBER4\code\test_lidar1_debug\EWARM\Output\Obj\startup_stm32f030.o
#        D:\MYPROGS\LIDAR\NUMBER4\code\test_lidar1_debug\EWARM\Output\Obj\stm32f0xx_adc.o
#        D:\MYPROGS\LIDAR\NUMBER4\code\test_lidar1_debug\EWARM\Output\Obj\stm32f0xx_dbgmcu.o
#        D:\MYPROGS\LIDAR\NUMBER4\code\test_lidar1_debug\EWARM\Output\Obj\stm32f0xx_dma.o
#        D:\MYPROGS\LIDAR\NUMBER4\code\test_lidar1_debug\EWARM\Output\Obj\stm32f0xx_exti.o
#        D:\MYPROGS\LIDAR\NUMBER4\code\test_lidar1_debug\EWARM\Output\Obj\stm32f0xx_flash.o
#        D:\MYPROGS\LIDAR\NUMBER4\code\test_lidar1_debug\EWARM\Output\Obj\stm32f0xx_gpio.o
#        D:\MYPROGS\LIDAR\NUMBER4\code\test_lidar1_debug\EWARM\Output\Obj\stm32f0xx_it.o
#        D:\MYPROGS\LIDAR\NUMBER4\code\test_lidar1_debug\EWARM\Output\Obj\stm32f0xx_iwdg.o
#        D:\MYPROGS\LIDAR\NUMBER4\code\test_lidar1_debug\EWARM\Output\Obj\stm32f0xx_misc.o
#        D:\MYPROGS\LIDAR\NUMBER4\code\test_lidar1_debug\EWARM\Output\Obj\stm32f0xx_pwr.o
#        D:\MYPROGS\LIDAR\NUMBER4\code\test_lidar1_debug\EWARM\Output\Obj\stm32f0xx_rcc.o
#        D:\MYPROGS\LIDAR\NUMBER4\code\test_lidar1_debug\EWARM\Output\Obj\stm32f0xx_syscfg.o
#        D:\MYPROGS\LIDAR\NUMBER4\code\test_lidar1_debug\EWARM\Output\Obj\stm32f0xx_tim.o
#        D:\MYPROGS\LIDAR\NUMBER4\code\test_lidar1_debug\EWARM\Output\Obj\stm32f0xx_usart.o
#        D:\MYPROGS\LIDAR\NUMBER4\code\test_lidar1_debug\EWARM\Output\Obj\system_stm32f0xx.o
#        D:\MYPROGS\LIDAR\NUMBER4\code\test_lidar1_debug\EWARM\Output\Obj\uart_handler.o
#        --redirect _Printf=_PrintfSmall --redirect _Scanf=_ScanfSmall -o
#        D:\MYPROGS\LIDAR\NUMBER4\code\test_lidar1_debug\EWARM\Output\Exe\Project.out
#        --map
#        D:\MYPROGS\LIDAR\NUMBER4\code\test_lidar1_debug\EWARM\Output\List\Project.map
#        --config
#        D:\MYPROGS\LIDAR\NUMBER4\code\test_lidar1_debug\EWARM\stm32f030F4P6.icf
#        --entry __iar_program_start --vfe
#
###############################################################################

*******************************************************************************
*** RUNTIME MODEL ATTRIBUTES
***

CppFlavor       = *
__SystemLibrary = DLib


*******************************************************************************
*** PLACEMENT SUMMARY
***

"A1":  place at 0x08000000 { ro section .intvec };
"P1":  place in [from 0x08000000 to 0x08003fff] { ro };
"P2":  place in [from 0x20000000 to 0x20000fff] { rw, block CSTACK, block HEAP };

  Section            Kind        Address    Size  Object
  -------            ----        -------    ----  ------
"A1":                                       0xb4
  .intvec            ro code  0x08000000    0xb4  startup_stm32f030.o [1]
                            - 0x080000b4    0xb4

"P1":                                     0x1c22
  .text              ro code  0x080000b4   0x4b8  stm32f0xx_tim.o [1]
  .text              ro code  0x0800056c   0x370  stm32f0xx_rcc.o [1]
  .text              ro code  0x080008dc    0xe0  I32DivModFast.o [4]
  .text              ro code  0x080009bc     0x2  IntDivZer.o [4]
  .text              ro code  0x080009be     0x2  startup_stm32f030.o [1]
  .text              ro code  0x080009c0   0x498  init_periph.o [1]
  .text              ro code  0x08000e58   0x328  encoder_handler.o [1]
  .text              ro code  0x08001180    0x2c  stm32f0xx_flash.o [1]
  .text              ro code  0x080011ac   0x154  system_stm32f0xx.o [1]
  .text              ro code  0x08001300    0xb2  stm32f0xx_gpio.o [1]
  .text              ro code  0x080013b2     0x2  startup_stm32f030.o [1]
  .text              ro code  0x080013b4   0x198  stm32f0xx_dma.o [1]
  .text              ro code  0x0800154c    0xc8  stm32f0xx_adc.o [1]
  .text              ro code  0x08001614    0xe2  stm32f0xx_usart.o [1]
  .text              ro code  0x080016f6     0x2  startup_stm32f030.o [1]
  .text              ro code  0x080016f8    0xe8  laser_handler.o [1]
  .text              ro code  0x080017e0    0x94  uart_handler.o [1]
  .text              ro code  0x08001874    0x54  stm32f0xx_misc.o [1]
  .text              ro code  0x080018c8   0x180  image_processing.o [1]
  .text              ro code  0x08001a48    0x48  ABImemset.o [4]
  .text              ro code  0x08001a90    0x5c  ABImemcpy.o [4]
  .text              ro code  0x08001aec    0x3c  startup_stm32f030.o [1]
  .text              ro code  0x08001b28    0x3c  zero_init3.o [4]
  .text              ro code  0x08001b64    0x3c  packbits_init_single.o [4]
  .text              ro code  0x08001ba0    0x3a  stm32f0xx_it.o [1]
  .text              ro code  0x08001bda     0x2  startup_stm32f030.o [1]
  .text              ro code  0x08001bdc    0x28  data_init.o [4]
  .iar.init_table    const    0x08001c04    0x20  - Linker created -
  .text              ro code  0x08001c24    0x1a  cmain.o [4]
  .text              ro code  0x08001c3e     0x4  low_level_init.o [3]
  .text              ro code  0x08001c42     0x2  startup_stm32f030.o [1]
  .text              ro code  0x08001c44     0xe  main.o [1]
  .text              ro code  0x08001c52     0x8  exit.o [3]
  .text              ro code  0x08001c5a     0x2  startup_stm32f030.o [1]
  .text              ro code  0x08001c5c     0xa  cexit.o [4]
  .text              ro code  0x08001c66     0x2  startup_stm32f030.o [1]
  .text              ro code  0x08001c68     0xc  XXexit.o [4]
  .text              ro code  0x08001c74     0xc  cstartup_M.o [4]
  .text              ro code  0x08001c80     0x2  startup_stm32f030.o [1]
  .text              ro code  0x08001c82     0x2  startup_stm32f030.o [1]
  .text              ro code  0x08001c84     0x2  startup_stm32f030.o [1]
  .text              ro code  0x08001c86     0x2  startup_stm32f030.o [1]
  .text              ro code  0x08001c88     0x2  startup_stm32f030.o [1]
  .text              ro code  0x08001c8a     0x2  startup_stm32f030.o [1]
  .text              ro code  0x08001c8c     0x2  startup_stm32f030.o [1]
  .text              ro code  0x08001c8e     0x2  startup_stm32f030.o [1]
  .text              ro code  0x08001c90     0x2  startup_stm32f030.o [1]
  .text              ro code  0x08001c92     0x2  startup_stm32f030.o [1]
  .text              ro code  0x08001c94     0x2  startup_stm32f030.o [1]
  .text              ro code  0x08001c96     0x2  startup_stm32f030.o [1]
  .text              ro code  0x08001c98     0x2  startup_stm32f030.o [1]
  .text              ro code  0x08001c9a     0x2  startup_stm32f030.o [1]
  .rodata            const    0x08001c9c     0x0  zero_init3.o [4]
  .rodata            const    0x08001c9c     0x0  packbits_init_single.o [4]
  Initializer bytes  const    0x08001c9c    0x3a  <for P2-1>
                            - 0x08001cd6  0x1c22

"P2", part 1 of 3:                         0x431
  P2-1                        0x20000000   0x431  <Init block>
    .data            inited   0x20000000   0x40c  laser_handler.o [1]
    .data            inited   0x2000040c    0x10  stm32f0xx_rcc.o [1]
    .data            inited   0x2000041c    0x14  system_stm32f0xx.o [1]
    .data            inited   0x20000430     0x1  image_processing.o [1]
                            - 0x20000431   0x431

"P2", part 2 of 3:                         0x400
  CSTACK                      0x20000438   0x400  <Block>
    CSTACK           uninit   0x20000438   0x400  <Block tail>
                            - 0x20000838   0x400

"P2", part 3 of 3:                         0x5cc
  .bss               zero     0x20000838   0x5b0  laser_handler.o [1]
  .bss               zero     0x20000de8    0x1a  encoder_handler.o [1]
                            - 0x20000e02   0x5ca


*******************************************************************************
*** INIT TABLE
***

          Address     Size
          -------     ----
Zero (__iar_zero_init3)
    1 destination range, total size 0x5ca:
          0x20000838  0x5ca

Copy/packbits (__iar_packbits_init_single3)
    1 source range, total size 0x3a (5% of destination):
          0x08001c9c   0x3a
    1 destination range, total size 0x431:
          0x20000000  0x431



*******************************************************************************
*** MODULE SUMMARY
***

    Module                  ro code  ro data  rw data
    ------                  -------  -------  -------
D:\MYPROGS\LIDAR\NUMBER4\code\test_lidar1_debug\EWARM\Output\Obj: [1]
    encoder_handler.o           808                26
    image_processing.o          384        1        1
    init_periph.o             1 176
    laser_handler.o             232       56    2 492
    main.o                       14
    startup_stm32f030.o         282
    stm32f0xx_adc.o             200
    stm32f0xx_dma.o             408
    stm32f0xx_flash.o            44
    stm32f0xx_gpio.o            178
    stm32f0xx_it.o               58
    stm32f0xx_misc.o             84
    stm32f0xx_rcc.o             880                16
    stm32f0xx_tim.o           1 208
    stm32f0xx_usart.o           226
    system_stm32f0xx.o          340        1       20
    uart_handler.o              148
    -------------------------------------------------
    Total:                    6 670       58    2 555

command line: [2]
    -------------------------------------------------
    Total:

dl6M_tln.a: [3]
    exit.o                        8
    low_level_init.o              4
    -------------------------------------------------
    Total:                       12

rt6M_tl.a: [4]
    ABImemcpy.o                  92
    ABImemset.o                  72
    I32DivModFast.o             224
    IntDivZer.o                   2
    XXexit.o                     12
    cexit.o                      10
    cmain.o                      26
    cstartup_M.o                 12
    data_init.o                  40
    packbits_init_single.o       60
    zero_init3.o                 60
    -------------------------------------------------
    Total:                      610

    Linker created                        32    1 024
-----------------------------------------------------
    Grand Total:              7 292       90    3 579


*******************************************************************************
*** ENTRY LIST
***

Entry                      Address   Size  Type      Object
-----                      -------   ----  ----      ------
.iar.init_table$$Base   0x08001c04          --   Gb  - Linker created -
.iar.init_table$$Limit  0x08001c24          --   Gb  - Linker created -
?main                   0x08001c25         Code  Gb  cmain.o [4]
ADC_ChannelConfig       0x08001593    0xa  Code  Gb  stm32f0xx_adc.o [1]
ADC_Cmd                 0x08001581   0x12  Code  Gb  stm32f0xx_adc.o [1]
ADC_DMACmd              0x080015cd   0x16  Code  Gb  stm32f0xx_adc.o [1]
ADC_DMARequestModeConfig
                        0x080015e3   0x10  Code  Gb  stm32f0xx_adc.o [1]
ADC_GetCalibrationFactor
                        0x0800159d   0x26  Code  Gb  stm32f0xx_adc.o [1]
ADC_GetFlagStatus       0x080015f3   0x1a  Code  Gb  stm32f0xx_adc.o [1]
ADC_Init                0x0800154d   0x24  Code  Gb  stm32f0xx_adc.o [1]
ADC_StartOfConversion   0x080015c3    0xa  Code  Gb  stm32f0xx_adc.o [1]
ADC_StructInit          0x08001571   0x10  Code  Gb  stm32f0xx_adc.o [1]
AHBPrescTable           0x2000041c   0x10  Data  Gb  system_stm32f0xx.o [1]
AN_WIDTH                0x20000430    0x1  Data  Gb  image_processing.o [1]
APBAHBPrescTable        0x2000040c   0x10  Data  Lc  stm32f0xx_rcc.o [1]
CSTACK$$Base            0x20000438          --   Gb  - Linker created -
CSTACK$$Limit           0x20000838          --   Gb  - Linker created -
DMA1_Channel1_IRQHandler
                        0x08001bab   0x30  Code  Gb  stm32f0xx_it.o [1]
DMA_ClearFlag           0x080014f9    0xe  Code  Gb  stm32f0xx_dma.o [1]
DMA_ClearITPendingBit   0x0800151f    0xe  Code  Gb  stm32f0xx_dma.o [1]
DMA_Cmd                 0x080014b3   0x14  Code  Gb  stm32f0xx_dma.o [1]
DMA_DeInit              0x080013b5   0xc8  Code  Gb  stm32f0xx_dma.o [1]
DMA_GetITStatus         0x08001507   0x18  Code  Gb  stm32f0xx_dma.o [1]
DMA_ITConfig            0x080014e7   0x12  Code  Gb  stm32f0xx_dma.o [1]
DMA_Init                0x0800147d   0x36  Code  Gb  stm32f0xx_dma.o [1]
DMA_RemapConfig         0x080014c7   0x20  Code  Gb  stm32f0xx_dma.o [1]
FLASH_PrefetchBufferCmd
                        0x0800118f   0x18  Code  Gb  stm32f0xx_flash.o [1]
FLASH_SetLatency        0x08001181    0xe  Code  Gb  stm32f0xx_flash.o [1]
GPIO_Init               0x08001301   0x72  Code  Gb  stm32f0xx_gpio.o [1]
GPIO_PinAFConfig        0x08001391   0x22  Code  Gb  stm32f0xx_gpio.o [1]
GPIO_ResetBits          0x0800138d    0x4  Code  Gb  stm32f0xx_gpio.o [1]
GPIO_SetBits            0x08001389    0x4  Code  Gb  stm32f0xx_gpio.o [1]
GPIO_StructInit         0x08001373   0x12  Code  Gb  stm32f0xx_gpio.o [1]
HardFault_Handler       0x08001ba3    0x2  Code  Gb  stm32f0xx_it.o [1]
NMI_Handler             0x08001ba1    0x2  Code  Gb  stm32f0xx_it.o [1]
NVIC_Init               0x08001875   0x48  Code  Gb  stm32f0xx_misc.o [1]
PendSV_Handler          0x08001ba7    0x2  Code  Gb  stm32f0xx_it.o [1]
RCC_ADCCLKConfig        0x08000651   0x24  Code  Gb  stm32f0xx_rcc.o [1]
RCC_AHBPeriphClockCmd   0x08000819   0x14  Code  Gb  stm32f0xx_rcc.o [1]
RCC_APB1PeriphResetCmd  0x0800085d   0x14  Code  Gb  stm32f0xx_rcc.o [1]
RCC_APB2PeriphClockCmd  0x0800082d   0x14  Code  Gb  stm32f0xx_rcc.o [1]
RCC_APB2PeriphResetCmd  0x08000841   0x14  Code  Gb  stm32f0xx_rcc.o [1]
RCC_DeInit              0x0800056d   0x48  Code  Gb  stm32f0xx_rcc.o [1]
RCC_GetClocksFreq       0x080006c1  0x150  Code  Gb  stm32f0xx_rcc.o [1]
RCC_GetFlagStatus       0x0800087d   0x2a  Code  Gb  stm32f0xx_rcc.o [1]
RCC_GetSYSCLKSource     0x0800062b    0xa  Code  Gb  stm32f0xx_rcc.o [1]
RCC_HCLKConfig          0x08000635    0xe  Code  Gb  stm32f0xx_rcc.o [1]
RCC_HSEConfig           0x080005b5    0xa  Code  Gb  stm32f0xx_rcc.o [1]
RCC_PCLKConfig          0x08000643    0xe  Code  Gb  stm32f0xx_rcc.o [1]
RCC_PLLCmd              0x08000605   0x18  Code  Gb  stm32f0xx_rcc.o [1]
RCC_PLLConfig           0x080005ed   0x18  Code  Gb  stm32f0xx_rcc.o [1]
RCC_SYSCLKConfig        0x0800061d    0xe  Code  Gb  stm32f0xx_rcc.o [1]
RCC_USARTCLKConfig      0x08000675   0x2a  Code  Gb  stm32f0xx_rcc.o [1]
RCC_WaitForHSEStartUp   0x080005bf   0x2e  Code  Gb  stm32f0xx_rcc.o [1]
Region$$Table$$Base     0x08001c04          --   Gb  - Linker created -
Region$$Table$$Limit    0x08001c24          --   Gb  - Linker created -
SVC_Handler             0x08001ba5    0x2  Code  Gb  stm32f0xx_it.o [1]
SysTick_Handler         0x08001ba9    0x2  Code  Gb  stm32f0xx_it.o [1]
SystemCoreClock         0x2000042c    0x4  Data  Gb  system_stm32f0xx.o [1]
SystemCoreClockUpdate   0x08001281   0x50  Code  Gb  system_stm32f0xx.o [1]
SystemInit              0x080011ad   0xd4  Code  Gb  system_stm32f0xx.o [1]
TIM16_IRQHandler        0x08000e59   0x48  Code  Gb  encoder_handler.o [1]
TIM17_IRQHandler        0x08000ea1  0x182  Code  Gb  encoder_handler.o [1]
TIM_ARRPreloadConfig    0x080001d5   0x14  Code  Gb  stm32f0xx_tim.o [1]
TIM_ClearITPendingBit   0x08000541    0x6  Code  Gb  stm32f0xx_tim.o [1]
TIM_Cmd                 0x080001e9   0x14  Code  Gb  stm32f0xx_tim.o [1]
TIM_CtrlPWMOutputs      0x08000205   0x22  Code  Gb  stm32f0xx_tim.o [1]
TIM_DeInit              0x080000b5   0xac  Code  Gb  stm32f0xx_tim.o [1]
TIM_GetCapture1         0x08000509    0x4  Code  Gb  stm32f0xx_tim.o [1]
TIM_GetITStatus         0x0800052b   0x16  Code  Gb  stm32f0xx_tim.o [1]
TIM_ICInit              0x08000401   0xf8  Code  Gb  stm32f0xx_tim.o [1]
TIM_ICStructInit        0x080004f9   0x10  Code  Gb  stm32f0xx_tim.o [1]
TIM_ITConfig            0x08000519   0x12  Code  Gb  stm32f0xx_tim.o [1]
TIM_OC1Init             0x08000227   0x66  Code  Gb  stm32f0xx_tim.o [1]
TIM_OC1PreloadConfig    0x08000385    0xc  Code  Gb  stm32f0xx_tim.o [1]
TIM_OC2Init             0x080002a9   0x6e  Code  Gb  stm32f0xx_tim.o [1]
TIM_OC2PreloadConfig    0x0800039d    0xe  Code  Gb  stm32f0xx_tim.o [1]
TIM_OC4Init             0x08000321   0x46  Code  Gb  stm32f0xx_tim.o [1]
TIM_OC4PreloadConfig    0x080003bd    0xe  Code  Gb  stm32f0xx_tim.o [1]
TIM_OCStructInit        0x0800036d   0x14  Code  Gb  stm32f0xx_tim.o [1]
TIM_SetAutoreload       0x080001d1    0x4  Code  Gb  stm32f0xx_tim.o [1]
TIM_SetCompare1         0x08000381    0x4  Code  Gb  stm32f0xx_tim.o [1]
TIM_SetCounter          0x080001cd    0x4  Code  Gb  stm32f0xx_tim.o [1]
TIM_TimeBaseInit        0x08000161   0x5a  Code  Gb  stm32f0xx_tim.o [1]
TIM_TimeBaseStructInit  0x080001bb   0x12  Code  Gb  stm32f0xx_tim.o [1]
USART_Cmd               0x080016b1   0x16  Code  Gb  stm32f0xx_usart.o [1]
USART_DMACmd            0x080016e5   0x12  Code  Gb  stm32f0xx_usart.o [1]
USART_Init              0x08001615   0x9c  Code  Gb  stm32f0xx_usart.o [1]
__ICFEDIT_region_RAM_end__ {Abs}
                        0x20000fff          --   Gb  command line/config [2]
__ICFEDIT_region_RAM_start__ {Abs}
                        0x20000000          --   Gb  command line/config [2]
__aeabi_idiv            0x08000909         Code  Gb  I32DivModFast.o [4]
__aeabi_idiv0           0x080009bd         Code  Gb  IntDivZer.o [4]
__aeabi_idivmod         0x08000909         Code  Gb  I32DivModFast.o [4]
__aeabi_memclr          0x08001a8d         Code  Gb  ABImemset.o [4]
__aeabi_memcpy          0x08001a91         Code  Gb  ABImemcpy.o [4]
__aeabi_uidiv           0x0800090f         Code  Gb  I32DivModFast.o [4]
__aeabi_uidivmod        0x0800090f         Code  Gb  I32DivModFast.o [4]
__cmain                 0x08001c25         Code  Gb  cmain.o [4]
__exit                  0x08001c69         Code  Gb  XXexit.o [4]
__iar_Memset4_word      0x08001a5d         Code  Gb  ABImemset.o [4]
__iar_Memset_word       0x08001a49         Code  Gb  ABImemset.o [4]
__iar_data_init3        0x08001bdd   0x28  Code  Gb  data_init.o [4]
__iar_packbits_init_single3
                        0x08001b65   0x3c  Code  Gb  packbits_init_single.o [4]
__iar_program_start     0x08001c75         Code  Gb  cstartup_M.o [4]
__iar_zero_init3        0x08001b29   0x3c  Code  Gb  zero_init3.o [4]
__low_level_init        0x08001c3f    0x4  Code  Gb  low_level_init.o [3]
__vector_table          0x08000000         Data  Gb  startup_stm32f030.o [1]
_call_main              0x08001c31         Code  Gb  cmain.o [4]
_exit                   0x08001c5d         Code  Gb  cexit.o [4]
_main                   0x08001c3b         Code  Gb  cmain.o [4]
adc_dma_init            0x08000bed   0x76  Code  Gb  init_periph.o [1]
cap_number              0x20000dfc    0x2  Data  Gb  encoder_handler.o [1]
capture_now             0x20000df6    0x2  Data  Gb  encoder_handler.o [1]
capture_old             0x20000df4    0x2  Data  Gb  encoder_handler.o [1]
capture_start           0x08000c63   0x96  Code  Gb  init_periph.o [1]
clear_tx_buffer         0x08001835   0x1e  Code  Gb  uart_handler.o [1]
data_adc_laser0         0x2000000c  0x100  Data  Gb  laser_handler.o [1]
data_adc_laser1         0x2000020c  0x100  Data  Gb  laser_handler.o [1]
data_adc_laser_p        0x20000004    0x4  Data  Gb  laser_handler.o [1]
data_adc_off0           0x2000010c  0x100  Data  Gb  laser_handler.o [1]
data_adc_off1           0x2000030c  0x100  Data  Gb  laser_handler.o [1]
data_adc_off_p          0x20000008    0x4  Data  Gb  laser_handler.o [1]
disable_laser           0x08000d1b    0xc  Code  Gb  init_periph.o [1]
enable_laser            0x08000d0f    0xc  Code  Gb  init_periph.o [1]
exit                    0x08001c53    0x8  Code  Gb  exit.o [3]
find_centroid           0x080018c9  0x16c  Code  Gb  image_processing.o [1]
init_adc                0x08000b79   0x74  Code  Gb  init_periph.o [1]
init_all_periph         0x080009c1   0x34  Code  Gb  init_periph.o [1]
init_clk                0x080009f5   0x66  Code  Gb  init_periph.o [1]
init_degree_timer       0x080010d5   0x88  Code  Gb  encoder_handler.o [1]
init_encoder_timer      0x08001023   0xb2  Code  Gb  encoder_handler.o [1]
init_gpio               0x08000a5b   0x7c  Code  Gb  init_periph.o [1]
init_uart1              0x08000d3d   0x78  Code  Gb  init_periph.o [1]
main                    0x08001c45    0xe  Code  Gb  main.o [1]
meas_handler            0x080016f9   0x48  Code  Gb  laser_handler.o [1]
meas_status             0x20000002    0x1  Data  Gb  laser_handler.o [1]
overspeed_flag          0x20000de9    0x1  Data  Gb  encoder_handler.o [1]
proc_done_flag          0x20000001    0x1  Data  Gb  laser_handler.o [1]
process_handler         0x0800176d   0x48  Code  Gb  laser_handler.o [1]
res_buf0                0x20000838  0x2d8  Data  Gb  laser_handler.o [1]
res_buf1                0x20000b10  0x2d8  Data  Gb  laser_handler.o [1]
res_buf_num             0x20000000    0x1  Data  Gb  laser_handler.o [1]
rot_num                 0x20000de8    0x1  Data  Gb  encoder_handler.o [1]
rot_period              0x20000dfa    0x2  Data  Gb  encoder_handler.o [1]
small_delay             0x08000cfd   0x12  Code  Gb  init_periph.o [1]
start_send_result       0x080017e1   0x54  Code  Gb  uart_handler.o [1]
stop_capture            0x080017b5   0x1e  Code  Gb  laser_handler.o [1]
stop_hardware_capture   0x08000b59   0x20  Code  Gb  init_periph.o [1]
switch_adc_buf          0x08001741   0x2c  Code  Gb  laser_handler.o [1]
switch_led              0x08000d27   0x16  Code  Gb  init_periph.o [1]
sync_failed_flag        0x20000dea    0x1  Data  Gb  encoder_handler.o [1]
time_tmp                0x20000df8    0x2  Data  Gb  encoder_handler.o [1]
timer1_init             0x08000ad7   0x82  Code  Gb  init_periph.o [1]
uart_dma_init           0x08000db9   0x4e  Code  Gb  init_periph.o [1]


[1] = D:\MYPROGS\LIDAR\NUMBER4\code\test_lidar1_debug\EWARM\Output\Obj
[2] = command line
[3] = dl6M_tln.a
[4] = rt6M_tl.a

  7 292 bytes of readonly  code memory
     90 bytes of readonly  data memory
  3 579 bytes of readwrite data memory

Errors: none
Warnings: none
